// Vitest Snapshot v1, https://vitest.dev/guide/snapshot.html

exports[`bazaarCard snapshot 1`] = `
<div>
  <div
    class="MuiPaper-root MuiPaper-elevation MuiPaper-rounded MuiPaper-elevation1 MuiCard-root css-n7uh3o-MuiPaper-root-MuiCard-root"
    style="--Paper-shadow: 0px 2px 1px -1px rgba(0,0,0,0.2),0px 1px 1px 0px rgba(0,0,0,0.14),0px 1px 3px 0px rgba(0,0,0,0.12);"
  >
    <div
      class="MuiBox-root css-1stc809"
    >
      <img
        alt="バザー名のイメージ"
        class="MuiCardMedia-root MuiCardMedia-media MuiCardMedia-img css-b3t5ee-MuiCardMedia-root"
        loading="lazy"
        src="/images/not-found.png"
      />
      <div
        class="MuiCardContent-root css-bzl2yv-MuiCardContent-root"
      >
        <div
          class="MuiTypography-root MuiTypography-h5 MuiTypography-gutterBottom css-r485ul-MuiTypography-root"
        >
          バザー名
        </div>
        <div
          class="MuiTypography-root MuiTypography-h6 MuiTypography-gutterBottom css-aohef5-MuiTypography-root"
        >
          チーム名
        </div>
        <p
          class="MuiTypography-root MuiTypography-body2 css-1iakkmd-MuiTypography-root"
        >
          説明文
        </p>
      </div>
    </div>
  </div>
</div>
`;
