// Vitest Snapshot v1, https://vitest.dev/guide/snapshot.html

exports[`sponsor snapshot 1`] = `
<div>
  <div
    class="MuiBox-root css-k6crtq"
  >
    <div
      class="MuiBox-root css-1gxow2c"
    >
      <div
        class="MuiBox-root css-aphtx4"
      >
        <div
          class="MuiBox-root css-794psr"
        >
          <img
            alt="テストスポンサー大"
            src="public/logo-dark.png"
            style="max-width: 100%; max-height: 200px; object-fit: contain;"
          />
        </div>
      </div>
    </div>
    <div
      class="MuiBox-root css-1gxow2c"
    >
      <div
        class="MuiBox-root css-15jxpwm"
      >
        <div
          class="MuiBox-root css-15x05ou"
        >
          <div
            class="MuiTypography-root MuiTypography-h5 css-lt6gor-MuiTypography-root"
          >
            テストスポンサー中
          </div>
        </div>
      </div>
    </div>
    <div
      class="MuiBox-root css-1gxow2c"
    >
      <div
        class="MuiBox-root css-15jxpwm"
      >
        <div
          class="MuiBox-root css-1cs71i4"
        >
          <div
            class="MuiTypography-root MuiTypography-h6 css-14qmtq9-MuiTypography-root"
          >
            テストスポンサー小
          </div>
        </div>
      </div>
    </div>
  </div>
</div>
`;
