// Vitest Snapshot v1, https://vitest.dev/guide/snapshot.html

exports[`departmentExhibitionCard snapshot 1`] = `
<div>
  <div
    class="MuiPaper-root MuiPaper-elevation MuiPaper-rounded MuiPaper-elevation1 MuiCard-root css-dj2uoc-MuiPaper-root-MuiCard-root"
    style="--Paper-shadow: 0px 2px 1px -1px rgba(0,0,0,0.2),0px 1px 1px 0px rgba(0,0,0,0.14),0px 1px 3px 0px rgba(0,0,0,0.12);"
  >
    <div
      class="MuiBox-root css-19idkm8"
    >
      <div
        class="MuiCardContent-root css-1lt5qva-MuiCardContent-root"
      >
        <div
          class="MuiChip-root MuiChip-filled MuiChip-sizeSmall MuiChip-colorPrimary MuiChip-filledPrimary css-rj74di-MuiChip-root"
        >
          <span
            class="MuiChip-label MuiChip-labelSmall css-eccknh-MuiChip-label"
          >
            学科名
          </span>
        </div>
        <h6
          class="MuiTypography-root MuiTypography-h6 MuiTypography-gutterBottom css-1jrq8e9-MuiTypography-root"
        >
          タイトル
        </h6>
        <p
          class="MuiTypography-root MuiTypography-body2 css-1wle3ir-MuiTypography-root"
        >
          説明文
        </p>
      </div>
    </div>
  </div>
</div>
`;
