// Vitest Snapshot v1, https://vitest.dev/guide/snapshot.html

exports[`eventCard snapshot 1`] = `
<div>
  <div
    class="MuiPaper-root MuiPaper-elevation MuiPaper-rounded MuiPaper-elevation1 MuiCard-root css-1nvbjlv-MuiPaper-root-MuiCard-root"
    style="--Paper-shadow: 0px 2px 1px -1px rgba(0,0,0,0.2),0px 1px 1px 0px rgba(0,0,0,0.14),0px 1px 3px 0px rgba(0,0,0,0.12);"
  >
    <div
      class="MuiBox-root css-1daefj0"
    >
      <div
        class="MuiCardContent-root css-xg3z28-MuiCardContent-root"
      >
        <div
          class="MuiTypography-root MuiTypography-h6 MuiTypography-gutterBottom css-vu1eli-MuiTypography-root"
        >
          イベント名
        </div>
        <p
          class="MuiTypography-root MuiTypography-body2 css-v1xe35-MuiTypography-root"
        >
          説明文
        </p>
        <div
          class="MuiBox-root css-aqrxpj"
        >
           
          リンク名 &gt;&gt;
        </div>
      </div>
    </div>
  </div>
</div>
`;
