// Vitest Snapshot v1, https://vitest.dev/guide/snapshot.html

exports[`footer snapshot 1`] = `
<div>
  <div
    class="css-1f81jnb-footer"
  >
    <div
      class="css-18mqzl5-siteMapFrame"
    >
      <div
        class="css-ywwgnt-Frame"
      >
        <h4>
          Site Map
        </h4>
        <ul>
          <li>
            <a
              href="/"
            >
              Home
            </a>
          </li>
          <li>
            <a
              href="/"
            >
              Home
            </a>
          </li>
          <li>
            <a
              href="/"
            >
              Home
            </a>
          </li>
        </ul>
      </div>
      <div
        class="css-ywwgnt-Frame"
      >
        <h4>
          Site Map
        </h4>
        <ul>
          <li>
            <a
              href="/"
            >
              Home
            </a>
          </li>
          <li>
            <a
              href="/"
            >
              Home
            </a>
          </li>
          <li>
            <a
              href="/"
            >
              Home
            </a>
          </li>
        </ul>
      </div>
    </div>
    <p>
      ©2025 鈴鹿工業高等専門学校 高専祭実行委員会
    </p>
  </div>
</div>
`;
