// Vitest Snapshot v1, https://vitest.dev/guide/snapshot.html

exports[`footer snapshot 1`] = `
<div>
  <footer
    class="MuiBox-root css-v5z7ng"
  >
    <div
      class="MuiBox-root css-5b3a32"
    >
      <div
        class="MuiBox-root css-15xp3v3"
      >
        <p
          class="MuiTypography-root MuiTypography-body1 css-kxr4hf-MuiTypography-root"
        >
          ホーム
        </p>
        <ul
          class="MuiList-root MuiList-padding css-oyuda3-MuiList-root"
        >
          <div
            class="MuiBox-root css-wiz012"
          >
            <p
              class="MuiTypography-root MuiTypography-body1 css-u1vw1y-MuiTypography-root"
            >
              ・
            </p>
            <a
              class="css-tijne9"
              data-discover="true"
              href="/"
            >
              トップページ
            </a>
          </div>
          <div
            class="MuiBox-root css-wiz012"
          >
            <p
              class="MuiTypography-root MuiTypography-body1 css-u1vw1y-MuiTypography-root"
            >
              ・
            </p>
            <a
              class="css-tijne9"
              data-discover="true"
              href="/news"
            >
              お知らせ
            </a>
          </div>
          <div
            class="MuiBox-root css-wiz012"
          >
            <p
              class="MuiTypography-root MuiTypography-body1 css-u1vw1y-MuiTypography-root"
            >
              ・
            </p>
            <a
              class="css-tijne9"
              data-discover="true"
              href="/events"
            >
              イベント情報
            </a>
          </div>
          <div
            class="MuiBox-root css-wiz012"
          >
            <p
              class="MuiTypography-root MuiTypography-body1 css-u1vw1y-MuiTypography-root"
            >
              ・
            </p>
            <a
              class="css-tijne9"
              data-discover="true"
              href="/access"
            >
              アクセス
            </a>
          </div>
        </ul>
      </div>
      <div
        class="MuiBox-root css-15xp3v3"
      >
        <p
          class="MuiTypography-root MuiTypography-body1 css-kxr4hf-MuiTypography-root"
        >
          高専祭について
        </p>
        <ul
          class="MuiList-root MuiList-padding css-oyuda3-MuiList-root"
        >
          <div
            class="MuiBox-root css-wiz012"
          >
            <p
              class="MuiTypography-root MuiTypography-body1 css-u1vw1y-MuiTypography-root"
            >
              ・
            </p>
            <a
              class="css-tijne9"
              data-discover="true"
              href="/about"
            >
              高専祭とは
            </a>
          </div>
          <div
            class="MuiBox-root css-wiz012"
          >
            <p
              class="MuiTypography-root MuiTypography-body1 css-u1vw1y-MuiTypography-root"
            >
              ・
            </p>
            <a
              class="css-tijne9"
              data-discover="true"
              href="/committee"
            >
              実行委員会
            </a>
          </div>
          <div
            class="MuiBox-root css-wiz012"
          >
            <p
              class="MuiTypography-root MuiTypography-body1 css-u1vw1y-MuiTypography-root"
            >
              ・
            </p>
            <a
              class="css-tijne9"
              data-discover="true"
              href="/history"
            >
              歴史
            </a>
          </div>
          <div
            class="MuiBox-root css-wiz012"
          >
            <p
              class="MuiTypography-root MuiTypography-body1 css-u1vw1y-MuiTypography-root"
            >
              ・
            </p>
            <a
              class="css-tijne9"
              data-discover="true"
              href="/philosophy"
            >
              理念・目標
            </a>
          </div>
        </ul>
      </div>
      <div
        class="MuiBox-root css-15xp3v3"
      >
        <p
          class="MuiTypography-root MuiTypography-body1 css-kxr4hf-MuiTypography-root"
        >
          参加・出展
        </p>
        <ul
          class="MuiList-root MuiList-padding css-oyuda3-MuiList-root"
        >
          <div
            class="MuiBox-root css-wiz012"
          >
            <p
              class="MuiTypography-root MuiTypography-body1 css-u1vw1y-MuiTypography-root"
            >
              ・
            </p>
            <a
              class="css-tijne9"
              data-discover="true"
              href="/participation"
            >
              一般参加
            </a>
          </div>
          <div
            class="MuiBox-root css-wiz012"
          >
            <p
              class="MuiTypography-root MuiTypography-body1 css-u1vw1y-MuiTypography-root"
            >
              ・
            </p>
            <a
              class="css-tijne9"
              data-discover="true"
              href="/exhibition"
            >
              出展申込
            </a>
          </div>
          <div
            class="MuiBox-root css-wiz012"
          >
            <p
              class="MuiTypography-root MuiTypography-body1 css-u1vw1y-MuiTypography-root"
            >
              ・
            </p>
            <a
              class="css-tijne9"
              data-discover="true"
              href="/schedule"
            >
              スケジュール
            </a>
          </div>
          <div
            class="MuiBox-root css-wiz012"
          >
            <p
              class="MuiTypography-root MuiTypography-body1 css-u1vw1y-MuiTypography-root"
            >
              ・
            </p>
            <a
              class="css-tijne9"
              data-discover="true"
              href="/map"
            >
              会場マップ
            </a>
          </div>
          <div
            class="MuiBox-root css-wiz012"
          >
            <p
              class="MuiTypography-root MuiTypography-body1 css-u1vw1y-MuiTypography-root"
            >
              ・
            </p>
            <a
              class="css-tijne9"
              data-discover="true"
              href="/notes"
            >
              注意事項
            </a>
          </div>
        </ul>
      </div>
      <div
        class="MuiBox-root css-15xp3v3"
      >
        <p
          class="MuiTypography-root MuiTypography-body1 css-kxr4hf-MuiTypography-root"
        >
          サポート
        </p>
        <ul
          class="MuiList-root MuiList-padding css-oyuda3-MuiList-root"
        >
          <div
            class="MuiBox-root css-wiz012"
          >
            <p
              class="MuiTypography-root MuiTypography-body1 css-u1vw1y-MuiTypography-root"
            >
              ・
            </p>
            <a
              class="css-tijne9"
              data-discover="true"
              href="/faq"
            >
              よくある質問
            </a>
          </div>
          <div
            class="MuiBox-root css-wiz012"
          >
            <p
              class="MuiTypography-root MuiTypography-body1 css-u1vw1y-MuiTypography-root"
            >
              ・
            </p>
            <a
              class="css-tijne9"
              data-discover="true"
              href="/contact"
            >
              お問い合わせ
            </a>
          </div>
          <div
            class="MuiBox-root css-wiz012"
          >
            <p
              class="MuiTypography-root MuiTypography-body1 css-u1vw1y-MuiTypography-root"
            >
              ・
            </p>
            <a
              class="css-tijne9"
              data-discover="true"
              href="/privacy"
            >
              プライバシーポリシー
            </a>
          </div>
        </ul>
      </div>
      <div
        class="MuiBox-root css-15xp3v3"
      >
        <p
          class="MuiTypography-root MuiTypography-body1 css-kxr4hf-MuiTypography-root"
        >
          アーカイブ
        </p>
        <ul
          class="MuiList-root MuiList-padding css-oyuda3-MuiList-root"
        >
          <div
            class="MuiBox-root css-wiz012"
          >
            <p
              class="MuiTypography-root MuiTypography-body1 css-u1vw1y-MuiTypography-root"
            >
              ・
            </p>
            <a
              class="css-tijne9"
              data-discover="true"
              href="/archive"
            >
              過去の高専祭
            </a>
          </div>
          <div
            class="MuiBox-root css-wiz012"
          >
            <p
              class="MuiTypography-root MuiTypography-body1 css-u1vw1y-MuiTypography-root"
            >
              ・
            </p>
            <a
              class="css-tijne9"
              data-discover="true"
              href="/gallery"
            >
              写真ギャラリー
            </a>
          </div>
          <div
            class="MuiBox-root css-wiz012"
          >
            <p
              class="MuiTypography-root MuiTypography-body1 css-u1vw1y-MuiTypography-root"
            >
              ・
            </p>
            <a
              class="css-tijne9"
              data-discover="true"
              href="/videos"
            >
              動画アーカイブ
            </a>
          </div>
        </ul>
      </div>
    </div>
    <div
      class="MuiBox-root css-vridk2"
    >
      ©2025 鈴鹿工業高等専門学校 高専祭実行委員会
    </div>
  </footer>
</div>
`;
